Processing as local audio file...
Running Whisper-CPP to generate transcript (diarized VTT)...
Converting to OGG Opus...
